2017-03-05 13:29:22.581: BEGIN
2017-03-05 13:29:22.589: Arguments: []
2017-03-05 13:29:22.59: Connecting To Database Instance...
2017-03-05 13:29:23.128: Successfully Connected To Database Instance
2017-03-05 13:29:23.128: Recreating Tables...
2017-03-05 13:29:23.72: Successfully Recreated Tables
2017-03-05 13:29:23.721: Starting TCP Server...
2017-03-05 13:29:23.721: Starting UPD Server...
2017-03-05 13:29:27.717: !ERR! Connection reset
2017-03-05 13:29:27.717: END
2017-03-05 13:30:48.786: BEGIN
2017-03-05 13:30:48.795: Arguments: []
2017-03-05 13:30:48.795: Connecting To Database Instance...
2017-03-05 13:30:49.338: Successfully Connected To Database Instance
2017-03-05 13:30:49.338: Recreating Tables...
2017-03-05 13:30:49.81: Successfully Recreated Tables
2017-03-05 13:30:49.811: Starting TCP Server...
2017-03-05 13:30:49.811: Starting UPD Server...
2017-03-05 13:32:29.748: !ERROR! Connection reset
2017-03-05 13:32:29.748: END
